[
  {
    "id": "a9147542-4860-4c67-9d2a-f506c2b7c921",
    "description": "Description1",
    "name": "name1",
    "link": [
      "link1"
    ]
  },
  {
    "id": "7d202bb1-58e0-4e0e-ad8f-86d8c98d5d34",
    "description": "Description2",
    "name": "name2",
    "link": [
      "link2"
    ]
  },
  {
    "id": "dc7dcf03-8657-4bcc-87cd-149bd8b3298f",
    "description": "Description3",
    "name": "name3",
    "link": [
      "link3"
    ]
  }
]