[
  {
    "id": "448e787a-ba79-45d6-982b-ad655db0980c",
    "name": "Oracle Backend for Spring Boot",
    "description": "Oracle Backend ",
    "link": [
      "https://oracle.github.io/microservices-datadriven/spring",
      "https://backend.ru/error_data"
    ]
  },
  {
    "id": "003d3753-e160-4f85-84c2-e07e35a7c310",
    "name": "Oracle Backend for Spring Boot",
    "description": "",
    "link": [
      "C:\\Users\\...\\Downloads\\Telegram Desktop\\result.json",
      "https://oracle.github.io/microservices-datadriven/spring",
      "https://backend.ru/error_data"
    ]
  }
]